---
http_interactions:
- request:
    method: get
    uri: https://glacial-fjord-58347.herokuapp.com/api/v1/frost?zip_code=80121
    body:
      encoding: US-ASCII
      string: ''
    headers:
      User-Agent:
      - Faraday v2.13.0
      Accept-Encoding:
      - gzip;q=1.0,deflate;q=0.6,identity;q=0.3
      Accept:
      - "*/*"
  response:
    status:
      code: 200
      message: OK
    headers:
      Server:
      - Cowboy
      Date:
      - Thu, 24 Apr 2025 20:17:43 GMT
      Report-To:
      - '{"group":"heroku-nel","max_age":3600,"endpoints":[{"url":"https://nel.heroku.com/reports?ts=1745525863&sid=c46efe9b-d3d2-4a0c-8c76-bfafa16c5add&s=iUfmz0EKGmfK67y2W9dQiN0pEe8cNHfOttS5xEkvbwg%3D"}]}'
      Reporting-Endpoints:
      - heroku-nel=https://nel.heroku.com/reports?ts=1745525863&sid=c46efe9b-d3d2-4a0c-8c76-bfafa16c5add&s=iUfmz0EKGmfK67y2W9dQiN0pEe8cNHfOttS5xEkvbwg%3D
      Nel:
      - '{"report_to":"heroku-nel","max_age":3600,"success_fraction":0.005,"failure_fraction":0.05,"response_headers":["Via"]}'
      Connection:
      - keep-alive
      Content-Type:
      - application/json; charset=utf-8
      Etag:
      - W/"43098a6258e79296c49fb455c2cd482f"
      Cache-Control:
      - max-age=0, private, must-revalidate
      X-Request-Id:
      - 78aeb83e-4292-4fd8-968a-41b28802f047
      X-Runtime:
      - '0.488172'
      Transfer-Encoding:
      - chunked
      Via:
      - 1.1 vegur
    body:
      encoding: UTF-8
      string: '{"data":{"id":null,"type":"frost_date","attributes":{"id":null,"zip_code":"80121","location_name":"Greenwood
        Village","lat":39.6111,"lon":-104.9532,"spring_frost":"0520","fall_frost":"0924"}}}'
  recorded_at: Thu, 24 Apr 2025 20:17:43 GMT
- request:
    method: get
    uri: https://glacial-fjord-58347.herokuapp.com/api/v1/frost?zip_code=80121
    body:
      encoding: US-ASCII
      string: ''
    headers:
      User-Agent:
<<<<<<< HEAD
      - Faraday v2.13.0
=======
      - Faraday v2.13.1
>>>>>>> 769b6f80c1e8e74d2caa33a501b6c5ba13e44b0d
      Accept-Encoding:
      - gzip;q=1.0,deflate;q=0.6,identity;q=0.3
      Accept:
      - "*/*"
  response:
    status:
      code: 200
      message: OK
    headers:
      Server:
      - Cowboy
      Date:
<<<<<<< HEAD
      - Thu, 24 Apr 2025 20:29:52 GMT
      Report-To:
      - '{"group":"heroku-nel","max_age":3600,"endpoints":[{"url":"https://nel.heroku.com/reports?ts=1745526592&sid=c46efe9b-d3d2-4a0c-8c76-bfafa16c5add&s=C836Mt%2B8HLf0pPy3fHDI1PYCON6ejBmm0lk26VrFuXo%3D"}]}'
      Reporting-Endpoints:
      - heroku-nel=https://nel.heroku.com/reports?ts=1745526592&sid=c46efe9b-d3d2-4a0c-8c76-bfafa16c5add&s=C836Mt%2B8HLf0pPy3fHDI1PYCON6ejBmm0lk26VrFuXo%3D
=======
      - Fri, 25 Apr 2025 17:38:52 GMT
      Report-To:
      - '{"group":"heroku-nel","max_age":3600,"endpoints":[{"url":"https://nel.heroku.com/reports?ts=1745602732&sid=c46efe9b-d3d2-4a0c-8c76-bfafa16c5add&s=dhvjkqIh%2BmEa1vt6fFaPTvAGkOu1yvDRCBCQXM2XcIo%3D"}]}'
      Reporting-Endpoints:
      - heroku-nel=https://nel.heroku.com/reports?ts=1745602732&sid=c46efe9b-d3d2-4a0c-8c76-bfafa16c5add&s=dhvjkqIh%2BmEa1vt6fFaPTvAGkOu1yvDRCBCQXM2XcIo%3D
>>>>>>> 769b6f80c1e8e74d2caa33a501b6c5ba13e44b0d
      Nel:
      - '{"report_to":"heroku-nel","max_age":3600,"success_fraction":0.005,"failure_fraction":0.05,"response_headers":["Via"]}'
      Connection:
      - keep-alive
      Content-Type:
      - application/json; charset=utf-8
      Etag:
      - W/"43098a6258e79296c49fb455c2cd482f"
      Cache-Control:
      - max-age=0, private, must-revalidate
      X-Request-Id:
<<<<<<< HEAD
      - d3fb3a16-fff4-4006-96ba-aa0db300ba2c
      X-Runtime:
      - '0.455704'
=======
      - 421924b6-74ca-463e-a3f7-09ee351a877c
      X-Runtime:
      - '0.623006'
>>>>>>> 769b6f80c1e8e74d2caa33a501b6c5ba13e44b0d
      Transfer-Encoding:
      - chunked
      Via:
      - 1.1 vegur
    body:
      encoding: UTF-8
      string: '{"data":{"id":null,"type":"frost_date","attributes":{"id":null,"zip_code":"80121","location_name":"Greenwood
        Village","lat":39.6111,"lon":-104.9532,"spring_frost":"0520","fall_frost":"0924"}}}'
<<<<<<< HEAD
  recorded_at: Thu, 24 Apr 2025 20:29:53 GMT
=======
  recorded_at: Fri, 25 Apr 2025 17:38:53 GMT
>>>>>>> 769b6f80c1e8e74d2caa33a501b6c5ba13e44b0d
- request:
    method: post
    uri: https://glacial-fjord-58347.herokuapp.com/api/v1/forecast
    body:
      encoding: UTF-8
      string: location=80121
    headers:
      User-Agent:
      - Faraday v2.13.1
      Content-Type:
      - application/x-www-form-urlencoded
      Accept-Encoding:
      - gzip;q=1.0,deflate;q=0.6,identity;q=0.3
      Accept:
      - "*/*"
  response:
    status:
      code: 500
      message: Internal Server Error
    headers:
      Server:
      - Cowboy
      Date:
<<<<<<< HEAD
      - Thu, 24 Apr 2025 20:29:52 GMT
      Report-To:
      - '{"group":"heroku-nel","max_age":3600,"endpoints":[{"url":"https://nel.heroku.com/reports?ts=1745526593&sid=c46efe9b-d3d2-4a0c-8c76-bfafa16c5add&s=P5ctyHzNYHBtBri2RBmuCpGcnveDaWsqcCrNl4IoOTU%3D"}]}'
      Reporting-Endpoints:
      - heroku-nel=https://nel.heroku.com/reports?ts=1745526593&sid=c46efe9b-d3d2-4a0c-8c76-bfafa16c5add&s=P5ctyHzNYHBtBri2RBmuCpGcnveDaWsqcCrNl4IoOTU%3D
=======
      - Fri, 25 Apr 2025 17:38:53 GMT
      Report-To:
      - '{"group":"heroku-nel","max_age":3600,"endpoints":[{"url":"https://nel.heroku.com/reports?ts=1745602733&sid=c46efe9b-d3d2-4a0c-8c76-bfafa16c5add&s=XcuY8j37cTw7d5TdLDGqF9PxQRKHCs8lwFIcYkdah5I%3D"}]}'
      Reporting-Endpoints:
      - heroku-nel=https://nel.heroku.com/reports?ts=1745602733&sid=c46efe9b-d3d2-4a0c-8c76-bfafa16c5add&s=XcuY8j37cTw7d5TdLDGqF9PxQRKHCs8lwFIcYkdah5I%3D
>>>>>>> 769b6f80c1e8e74d2caa33a501b6c5ba13e44b0d
      Nel:
      - '{"report_to":"heroku-nel","max_age":3600,"success_fraction":0.005,"failure_fraction":0.05,"response_headers":["Via"]}'
      Connection:
      - keep-alive
      Content-Type:
      - text/html; charset=UTF-8
      X-Request-Id:
<<<<<<< HEAD
      - 3d5780b8-47f1-4b6e-aaa5-129b9f7d6f1a
      X-Runtime:
      - '0.040913'
=======
      - bae22e7d-7d66-4a24-93eb-5ca10d2bf9b6
      X-Runtime:
      - '0.047744'
>>>>>>> 769b6f80c1e8e74d2caa33a501b6c5ba13e44b0d
      Content-Length:
      - '0'
      Via:
      - 1.1 vegur
    body:
      encoding: UTF-8
      string: ''
<<<<<<< HEAD
  recorded_at: Thu, 24 Apr 2025 20:29:53 GMT
=======
  recorded_at: Fri, 25 Apr 2025 17:38:53 GMT
>>>>>>> 769b6f80c1e8e74d2caa33a501b6c5ba13e44b0d
recorded_with: VCR 6.3.1
