---
http_interactions:
- request:
    method: get
    uri: https://glacial-fjord-58347.herokuapp.com/api/v1/frost?zip_code=80121
    body:
      encoding: US-ASCII
      string: ''
    headers:
      User-Agent:
      - Faraday v2.7.10
      Accept-Encoding:
      - gzip;q=1.0,deflate;q=0.6,identity;q=0.3
      Accept:
      - "*/*"
  response:
    status:
      code: 200
      message: OK
    headers:
      Server:
      - Cowboy
      Date:
      - Fri, 02 Feb 2024 20:56:45 GMT
      Report-To:
      - '{"group":"heroku-nel","max_age":3600,"endpoints":[{"url":"https://nel.heroku.com/reports?ts=1706907404&sid=c46efe9b-d3d2-4a0c-8c76-bfafa16c5add&s=mxklZqoJ6P%2BZfKhD64rMOj6sWUVrX62bkk1VP%2FT2Vjw%3D"}]}'
      Reporting-Endpoints:
      - heroku-nel=https://nel.heroku.com/reports?ts=1706907404&sid=c46efe9b-d3d2-4a0c-8c76-bfafa16c5add&s=mxklZqoJ6P%2BZfKhD64rMOj6sWUVrX62bkk1VP%2FT2Vjw%3D
      Nel:
      - '{"report_to":"heroku-nel","max_age":3600,"success_fraction":0.005,"failure_fraction":0.05,"response_headers":["Via"]}'
      Connection:
      - keep-alive
      Content-Type:
      - application/json; charset=utf-8
      Etag:
      - W/"43098a6258e79296c49fb455c2cd482f"
      Cache-Control:
      - max-age=0, private, must-revalidate
      X-Request-Id:
      - 2e7b9e04-d950-4032-a326-1a53311eac30
      X-Runtime:
      - '0.390533'
      Transfer-Encoding:
      - chunked
      Via:
      - 1.1 vegur
    body:
      encoding: UTF-8
      string: '{"data":{"id":null,"type":"frost_date","attributes":{"id":null,"zip_code":"80121","location_name":"Greenwood
        Village","lat":39.6111,"lon":-104.9532,"spring_frost":"0520","fall_frost":"0924"}}}'
  recorded_at: Fri, 02 Feb 2024 20:56:45 GMT
- request:
    method: get
    uri: https://glacial-fjord-58347.herokuapp.com/api/v1/frost?zip_code=80121
    body:
      encoding: US-ASCII
      string: ''
    headers:
      User-Agent:
      - Faraday v2.7.10
      Accept-Encoding:
      - gzip;q=1.0,deflate;q=0.6,identity;q=0.3
      Accept:
      - "*/*"
  response:
    status:
      code: 200
      message: OK
    headers:
      Server:
      - Cowboy
      Date:
      - Fri, 02 Feb 2024 20:56:45 GMT
      Report-To:
      - '{"group":"heroku-nel","max_age":3600,"endpoints":[{"url":"https://nel.heroku.com/reports?ts=1706907405&sid=c46efe9b-d3d2-4a0c-8c76-bfafa16c5add&s=dArTR8gsPpwkHmIYIhjN3AJFkH4egaRGqv%2F7I%2Fq9Ow8%3D"}]}'
      Reporting-Endpoints:
      - heroku-nel=https://nel.heroku.com/reports?ts=1706907405&sid=c46efe9b-d3d2-4a0c-8c76-bfafa16c5add&s=dArTR8gsPpwkHmIYIhjN3AJFkH4egaRGqv%2F7I%2Fq9Ow8%3D
      Nel:
      - '{"report_to":"heroku-nel","max_age":3600,"success_fraction":0.005,"failure_fraction":0.05,"response_headers":["Via"]}'
      Connection:
      - keep-alive
      Content-Type:
      - application/json; charset=utf-8
      Etag:
      - W/"43098a6258e79296c49fb455c2cd482f"
      Cache-Control:
      - max-age=0, private, must-revalidate
      X-Request-Id:
      - 45908ecf-feff-4b1a-8f6a-aeb77564be77
      X-Runtime:
      - '0.374392'
      Transfer-Encoding:
      - chunked
      Via:
      - 1.1 vegur
    body:
      encoding: UTF-8
      string: '{"data":{"id":null,"type":"frost_date","attributes":{"id":null,"zip_code":"80121","location_name":"Greenwood
        Village","lat":39.6111,"lon":-104.9532,"spring_frost":"0520","fall_frost":"0924"}}}'
  recorded_at: Fri, 02 Feb 2024 20:56:45 GMT
- request:
    method: get
    uri: https://glacial-fjord-58347.herokuapp.com/api/v1/frost?zip_code=80121
    body:
      encoding: US-ASCII
      string: ''
    headers:
      User-Agent:
      - Faraday v2.7.10
      Accept-Encoding:
      - gzip;q=1.0,deflate;q=0.6,identity;q=0.3
      Accept:
      - "*/*"
  response:
    status:
      code: 200
      message: OK
    headers:
      Server:
      - Cowboy
      Date:
      - Fri, 02 Feb 2024 20:56:46 GMT
      Report-To:
      - '{"group":"heroku-nel","max_age":3600,"endpoints":[{"url":"https://nel.heroku.com/reports?ts=1706907406&sid=c46efe9b-d3d2-4a0c-8c76-bfafa16c5add&s=4MUCCOHvzylyrJvPse09y6OdytEuvhSKuy34%2B6U2cfI%3D"}]}'
      Reporting-Endpoints:
      - heroku-nel=https://nel.heroku.com/reports?ts=1706907406&sid=c46efe9b-d3d2-4a0c-8c76-bfafa16c5add&s=4MUCCOHvzylyrJvPse09y6OdytEuvhSKuy34%2B6U2cfI%3D
      Nel:
      - '{"report_to":"heroku-nel","max_age":3600,"success_fraction":0.005,"failure_fraction":0.05,"response_headers":["Via"]}'
      Connection:
      - keep-alive
      Content-Type:
      - application/json; charset=utf-8
      Etag:
      - W/"43098a6258e79296c49fb455c2cd482f"
      Cache-Control:
      - max-age=0, private, must-revalidate
      X-Request-Id:
      - e387f0ed-4169-4be2-8ecc-c05b3f69ca47
      X-Runtime:
      - '0.390699'
      Transfer-Encoding:
      - chunked
      Via:
      - 1.1 vegur
    body:
      encoding: UTF-8
      string: '{"data":{"id":null,"type":"frost_date","attributes":{"id":null,"zip_code":"80121","location_name":"Greenwood
        Village","lat":39.6111,"lon":-104.9532,"spring_frost":"0520","fall_frost":"0924"}}}'
  recorded_at: Fri, 02 Feb 2024 20:56:46 GMT
recorded_with: VCR 6.2.0
